    Checking rust_upscaler v0.1.0 (D:\ASUNA\Tools\Visual_studio\rust_upscaler)
warning: variable does not need to be mutable
   --> src\main.rs:659:21
    |
659 |                 let mut model_res: Result<ModelType> = (|| {
    |                     ----^^^^^^^^^
    |                     |
    |                     help: remove this `mut`
    |
    = note: `#[warn(unused_mut)]` (part of `#[warn(unused)]`) on by default

warning: `rust_upscaler` (bin "rust_upscaler") generated 1 warning (run `cargo fix --bin "rust_upscaler" -p rust_upscaler` to apply 1 suggestion)
    Finished `dev` profile [unoptimized + debuginfo] target(s) in 1.62s
